../Core/Src/main.c:73:13:PrivilegiosSVC	40	static,ignoring_inline_asm
../Core/Src/main.c:134:6:zeros	24	static
../Core/Src/main.c:144:6:productoEscalar32	32	static
../Core/Src/main.c:155:6:productoEscalar16	32	static
../Core/Src/main.c:165:6:productoEscalar12	32	static
../Core/Src/main.c:178:6:filtroVentana10	40	static
../Core/Src/main.c:197:6:pack32to16	32	static
../Core/Src/main.c:205:9:max	24	static
../Core/Src/main.c:218:6:downsampleM	32	static
../Core/Src/main.c:230:6:invertir	24	static
../Core/Src/main.c:245:5:main	200	static
../Core/Src/main.c:321:6:SystemClock_Config	88	static
../Core/Src/main.c:367:13:MX_USART3_UART_Init	8	static
../Core/Src/main.c:400:13:MX_GPIO_Init	56	static
../Core/Src/main.c:500:6:Error_Handler	4	static,ignoring_inline_asm
