../Core/Src/main.c:65:13:PrivilegiosSVC	40	static,ignoring_inline_asm
../Core/Src/main.c:126:6:zeros	56	static
../Core/Src/main.c:157:6:productoEscalar32	32	static
../Core/Src/main.c:168:6:productoEscalar16	32	static
../Core/Src/main.c:178:6:productoEscalar12	32	static
../Core/Src/main.c:193:6:uartSendString	24	static
../Core/Src/main.c:212:5:main	80	static
../Core/Src/main.c:268:6:SystemClock_Config	88	static
../Core/Src/main.c:314:13:MX_USART3_UART_Init	8	static
../Core/Src/main.c:347:13:MX_GPIO_Init	56	static
../Core/Src/main.c:447:6:Error_Handler	4	static,ignoring_inline_asm
